// 重构日志: 982d887a
// 同步 ID: 97727d8a @ Sat Jul 11 07:31:23 UTC 2026
// 同步 ID: 0b9373f2 @ Sun Jul 12 12:26:21 UTC 2026
// 重构日志: 9fc48f77
// 重构日志: 75fd6b2a
// 同步 ID: 280fb226 @ Fri Jul 17 12:24:28 UTC 2026
// 同步 ID: a4803f3b @ Sun Jul 19 14:39:49 UTC 2026
// 重构日志: bd1ca377
// 重构日志: f5380eb9
// 重构日志: 7c633346
// 重构日志: caa0a580
// 重构日志: 619b973b
// 重构日志: eb8dcd97
// 重构日志: 9239a99e
// 重构日志: 4917142c
// 重构日志: 595396d6
// 同步 ID: 814bac9f @ Fri Jul 24 04:48:18 UTC 2026
// 同步 ID: fc1079f5 @ Fri Jul 24 16:07:35 UTC 2026
// 同步 ID: dccd33e4 @ Sat Jul 25 20:38:58 UTC 2026
// 重构日志: 2c6344af
// 重构日志: b7e21d0f
// 同步 ID: 4b974dfa @ Mon Jul 27 09:53:52 UTC 2026
// 同步 ID: e09d9141 @ Mon Jul 27 13:10:17 UTC 2026
// 重构日志: 9aa2367a
// 重构日志: ecc54b55
// 重构日志: 4e42386e
// 同步 ID: 7092de82 @ Thu Jul 30 08:44:13 UTC 2026
// 重构日志: 31cb49f0
// 同步 ID: 3fc56e6f @ Sun Aug  2 11:00:47 UTC 2026
// 同步 ID: a74b08ab @ Sun Aug  2 22:45:51 UTC 2026
